Archive member included to satisfy reference by file (symbol)

/home/lezh1k/avr8-gnu-toolchain-linux_x86_64/bin/../lib/gcc/avr/4.9.2/avr25/tiny-stack/libgcc.a(_udivmodqi4.o)
                              build/max7219.o (__udivmodqi4)
/home/lezh1k/avr8-gnu-toolchain-linux_x86_64/bin/../lib/gcc/avr/4.9.2/avr25/tiny-stack/libgcc.a(_divmodhi4.o)
                              build/main.o (__divmodhi4)
/home/lezh1k/avr8-gnu-toolchain-linux_x86_64/bin/../lib/gcc/avr/4.9.2/avr25/tiny-stack/libgcc.a(_exit.o)
                              /home/lezh1k/avr8-gnu-toolchain-linux_x86_64/bin/../lib/gcc/avr/4.9.2/../../../../avr/lib/avr25/tiny-stack/crtattiny25.o (exit)
/home/lezh1k/avr8-gnu-toolchain-linux_x86_64/bin/../lib/gcc/avr/4.9.2/avr25/tiny-stack/libgcc.a(_copy_data.o)
                              build/main.o (__do_copy_data)
/home/lezh1k/avr8-gnu-toolchain-linux_x86_64/bin/../lib/gcc/avr/4.9.2/avr25/tiny-stack/libgcc.a(_clear_bss.o)
                              build/main.o (__do_clear_bss)
/home/lezh1k/avr8-gnu-toolchain-linux_x86_64/bin/../lib/gcc/avr/4.9.2/avr25/tiny-stack/libgcc.a(_udivmodhi4.o)
                              /home/lezh1k/avr8-gnu-toolchain-linux_x86_64/bin/../lib/gcc/avr/4.9.2/avr25/tiny-stack/libgcc.a(_divmodhi4.o) (__udivmodhi4)

Discarded input sections

 .data          0x0000000000000000        0x0 /home/lezh1k/avr8-gnu-toolchain-linux_x86_64/bin/../lib/gcc/avr/4.9.2/../../../../avr/lib/avr25/tiny-stack/crtattiny25.o
 .bss           0x0000000000000000        0x0 /home/lezh1k/avr8-gnu-toolchain-linux_x86_64/bin/../lib/gcc/avr/4.9.2/../../../../avr/lib/avr25/tiny-stack/crtattiny25.o
 .text          0x0000000000000000        0x0 build/max7219.o
 .data          0x0000000000000000        0x0 build/max7219.o
 .bss           0x0000000000000000        0x0 build/max7219.o
 .text          0x0000000000000000        0x0 build/main.o
 .data          0x0000000000000000        0x0 build/main.o
 .bss           0x0000000000000000        0x0 build/main.o
 .bss.CUR_LT    0x0000000000000000        0x1 build/main.o
 .text          0x0000000000000000        0x0 /home/lezh1k/avr8-gnu-toolchain-linux_x86_64/bin/../lib/gcc/avr/4.9.2/avr25/tiny-stack/libgcc.a(_udivmodqi4.o)
 .data          0x0000000000000000        0x0 /home/lezh1k/avr8-gnu-toolchain-linux_x86_64/bin/../lib/gcc/avr/4.9.2/avr25/tiny-stack/libgcc.a(_udivmodqi4.o)
 .bss           0x0000000000000000        0x0 /home/lezh1k/avr8-gnu-toolchain-linux_x86_64/bin/../lib/gcc/avr/4.9.2/avr25/tiny-stack/libgcc.a(_udivmodqi4.o)
 .text.libgcc.mul
                0x0000000000000000        0x0 /home/lezh1k/avr8-gnu-toolchain-linux_x86_64/bin/../lib/gcc/avr/4.9.2/avr25/tiny-stack/libgcc.a(_udivmodqi4.o)
 .text.libgcc   0x0000000000000000        0x0 /home/lezh1k/avr8-gnu-toolchain-linux_x86_64/bin/../lib/gcc/avr/4.9.2/avr25/tiny-stack/libgcc.a(_udivmodqi4.o)
 .text.libgcc.prologue
                0x0000000000000000        0x0 /home/lezh1k/avr8-gnu-toolchain-linux_x86_64/bin/../lib/gcc/avr/4.9.2/avr25/tiny-stack/libgcc.a(_udivmodqi4.o)
 .text.libgcc.builtins
                0x0000000000000000        0x0 /home/lezh1k/avr8-gnu-toolchain-linux_x86_64/bin/../lib/gcc/avr/4.9.2/avr25/tiny-stack/libgcc.a(_udivmodqi4.o)
 .text.libgcc.fmul
                0x0000000000000000        0x0 /home/lezh1k/avr8-gnu-toolchain-linux_x86_64/bin/../lib/gcc/avr/4.9.2/avr25/tiny-stack/libgcc.a(_udivmodqi4.o)
 .text.libgcc.fixed
                0x0000000000000000        0x0 /home/lezh1k/avr8-gnu-toolchain-linux_x86_64/bin/../lib/gcc/avr/4.9.2/avr25/tiny-stack/libgcc.a(_udivmodqi4.o)
 .text          0x0000000000000000        0x0 /home/lezh1k/avr8-gnu-toolchain-linux_x86_64/bin/../lib/gcc/avr/4.9.2/avr25/tiny-stack/libgcc.a(_divmodhi4.o)
 .data          0x0000000000000000        0x0 /home/lezh1k/avr8-gnu-toolchain-linux_x86_64/bin/../lib/gcc/avr/4.9.2/avr25/tiny-stack/libgcc.a(_divmodhi4.o)
 .bss           0x0000000000000000        0x0 /home/lezh1k/avr8-gnu-toolchain-linux_x86_64/bin/../lib/gcc/avr/4.9.2/avr25/tiny-stack/libgcc.a(_divmodhi4.o)
 .text.libgcc.mul
                0x0000000000000000        0x0 /home/lezh1k/avr8-gnu-toolchain-linux_x86_64/bin/../lib/gcc/avr/4.9.2/avr25/tiny-stack/libgcc.a(_divmodhi4.o)
 .text.libgcc   0x0000000000000000        0x0 /home/lezh1k/avr8-gnu-toolchain-linux_x86_64/bin/../lib/gcc/avr/4.9.2/avr25/tiny-stack/libgcc.a(_divmodhi4.o)
 .text.libgcc.prologue
                0x0000000000000000        0x0 /home/lezh1k/avr8-gnu-toolchain-linux_x86_64/bin/../lib/gcc/avr/4.9.2/avr25/tiny-stack/libgcc.a(_divmodhi4.o)
 .text.libgcc.builtins
                0x0000000000000000        0x0 /home/lezh1k/avr8-gnu-toolchain-linux_x86_64/bin/../lib/gcc/avr/4.9.2/avr25/tiny-stack/libgcc.a(_divmodhi4.o)
 .text.libgcc.fmul
                0x0000000000000000        0x0 /home/lezh1k/avr8-gnu-toolchain-linux_x86_64/bin/../lib/gcc/avr/4.9.2/avr25/tiny-stack/libgcc.a(_divmodhi4.o)
 .text.libgcc.fixed
                0x0000000000000000        0x0 /home/lezh1k/avr8-gnu-toolchain-linux_x86_64/bin/../lib/gcc/avr/4.9.2/avr25/tiny-stack/libgcc.a(_divmodhi4.o)
 .text          0x0000000000000000        0x0 /home/lezh1k/avr8-gnu-toolchain-linux_x86_64/bin/../lib/gcc/avr/4.9.2/avr25/tiny-stack/libgcc.a(_exit.o)
 .data          0x0000000000000000        0x0 /home/lezh1k/avr8-gnu-toolchain-linux_x86_64/bin/../lib/gcc/avr/4.9.2/avr25/tiny-stack/libgcc.a(_exit.o)
 .bss           0x0000000000000000        0x0 /home/lezh1k/avr8-gnu-toolchain-linux_x86_64/bin/../lib/gcc/avr/4.9.2/avr25/tiny-stack/libgcc.a(_exit.o)
 .text.libgcc.mul
                0x0000000000000000        0x0 /home/lezh1k/avr8-gnu-toolchain-linux_x86_64/bin/../lib/gcc/avr/4.9.2/avr25/tiny-stack/libgcc.a(_exit.o)
 .text.libgcc.div
                0x0000000000000000        0x0 /home/lezh1k/avr8-gnu-toolchain-linux_x86_64/bin/../lib/gcc/avr/4.9.2/avr25/tiny-stack/libgcc.a(_exit.o)
 .text.libgcc   0x0000000000000000        0x0 /home/lezh1k/avr8-gnu-toolchain-linux_x86_64/bin/../lib/gcc/avr/4.9.2/avr25/tiny-stack/libgcc.a(_exit.o)
 .text.libgcc.prologue
                0x0000000000000000        0x0 /home/lezh1k/avr8-gnu-toolchain-linux_x86_64/bin/../lib/gcc/avr/4.9.2/avr25/tiny-stack/libgcc.a(_exit.o)
 .text.libgcc.builtins
                0x0000000000000000        0x0 /home/lezh1k/avr8-gnu-toolchain-linux_x86_64/bin/../lib/gcc/avr/4.9.2/avr25/tiny-stack/libgcc.a(_exit.o)
 .text.libgcc.fmul
                0x0000000000000000        0x0 /home/lezh1k/avr8-gnu-toolchain-linux_x86_64/bin/../lib/gcc/avr/4.9.2/avr25/tiny-stack/libgcc.a(_exit.o)
 .text.libgcc.fixed
                0x0000000000000000        0x0 /home/lezh1k/avr8-gnu-toolchain-linux_x86_64/bin/../lib/gcc/avr/4.9.2/avr25/tiny-stack/libgcc.a(_exit.o)
 .text          0x0000000000000000        0x0 /home/lezh1k/avr8-gnu-toolchain-linux_x86_64/bin/../lib/gcc/avr/4.9.2/avr25/tiny-stack/libgcc.a(_copy_data.o)
 .data          0x0000000000000000        0x0 /home/lezh1k/avr8-gnu-toolchain-linux_x86_64/bin/../lib/gcc/avr/4.9.2/avr25/tiny-stack/libgcc.a(_copy_data.o)
 .bss           0x0000000000000000        0x0 /home/lezh1k/avr8-gnu-toolchain-linux_x86_64/bin/../lib/gcc/avr/4.9.2/avr25/tiny-stack/libgcc.a(_copy_data.o)
 .text.libgcc.mul
                0x0000000000000000        0x0 /home/lezh1k/avr8-gnu-toolchain-linux_x86_64/bin/../lib/gcc/avr/4.9.2/avr25/tiny-stack/libgcc.a(_copy_data.o)
 .text.libgcc.div
                0x0000000000000000        0x0 /home/lezh1k/avr8-gnu-toolchain-linux_x86_64/bin/../lib/gcc/avr/4.9.2/avr25/tiny-stack/libgcc.a(_copy_data.o)
 .text.libgcc   0x0000000000000000        0x0 /home/lezh1k/avr8-gnu-toolchain-linux_x86_64/bin/../lib/gcc/avr/4.9.2/avr25/tiny-stack/libgcc.a(_copy_data.o)
 .text.libgcc.prologue
                0x0000000000000000        0x0 /home/lezh1k/avr8-gnu-toolchain-linux_x86_64/bin/../lib/gcc/avr/4.9.2/avr25/tiny-stack/libgcc.a(_copy_data.o)
 .text.libgcc.builtins
                0x0000000000000000        0x0 /home/lezh1k/avr8-gnu-toolchain-linux_x86_64/bin/../lib/gcc/avr/4.9.2/avr25/tiny-stack/libgcc.a(_copy_data.o)
 .text.libgcc.fmul
                0x0000000000000000        0x0 /home/lezh1k/avr8-gnu-toolchain-linux_x86_64/bin/../lib/gcc/avr/4.9.2/avr25/tiny-stack/libgcc.a(_copy_data.o)
 .text.libgcc.fixed
                0x0000000000000000        0x0 /home/lezh1k/avr8-gnu-toolchain-linux_x86_64/bin/../lib/gcc/avr/4.9.2/avr25/tiny-stack/libgcc.a(_copy_data.o)
 .text          0x0000000000000000        0x0 /home/lezh1k/avr8-gnu-toolchain-linux_x86_64/bin/../lib/gcc/avr/4.9.2/avr25/tiny-stack/libgcc.a(_clear_bss.o)
 .data          0x0000000000000000        0x0 /home/lezh1k/avr8-gnu-toolchain-linux_x86_64/bin/../lib/gcc/avr/4.9.2/avr25/tiny-stack/libgcc.a(_clear_bss.o)
 .bss           0x0000000000000000        0x0 /home/lezh1k/avr8-gnu-toolchain-linux_x86_64/bin/../lib/gcc/avr/4.9.2/avr25/tiny-stack/libgcc.a(_clear_bss.o)
 .text.libgcc.mul
                0x0000000000000000        0x0 /home/lezh1k/avr8-gnu-toolchain-linux_x86_64/bin/../lib/gcc/avr/4.9.2/avr25/tiny-stack/libgcc.a(_clear_bss.o)
 .text.libgcc.div
                0x0000000000000000        0x0 /home/lezh1k/avr8-gnu-toolchain-linux_x86_64/bin/../lib/gcc/avr/4.9.2/avr25/tiny-stack/libgcc.a(_clear_bss.o)
 .text.libgcc   0x0000000000000000        0x0 /home/lezh1k/avr8-gnu-toolchain-linux_x86_64/bin/../lib/gcc/avr/4.9.2/avr25/tiny-stack/libgcc.a(_clear_bss.o)
 .text.libgcc.prologue
                0x0000000000000000        0x0 /home/lezh1k/avr8-gnu-toolchain-linux_x86_64/bin/../lib/gcc/avr/4.9.2/avr25/tiny-stack/libgcc.a(_clear_bss.o)
 .text.libgcc.builtins
                0x0000000000000000        0x0 /home/lezh1k/avr8-gnu-toolchain-linux_x86_64/bin/../lib/gcc/avr/4.9.2/avr25/tiny-stack/libgcc.a(_clear_bss.o)
 .text.libgcc.fmul
                0x0000000000000000        0x0 /home/lezh1k/avr8-gnu-toolchain-linux_x86_64/bin/../lib/gcc/avr/4.9.2/avr25/tiny-stack/libgcc.a(_clear_bss.o)
 .text.libgcc.fixed
                0x0000000000000000        0x0 /home/lezh1k/avr8-gnu-toolchain-linux_x86_64/bin/../lib/gcc/avr/4.9.2/avr25/tiny-stack/libgcc.a(_clear_bss.o)
 .text          0x0000000000000000        0x0 /home/lezh1k/avr8-gnu-toolchain-linux_x86_64/bin/../lib/gcc/avr/4.9.2/avr25/tiny-stack/libgcc.a(_udivmodhi4.o)
 .data          0x0000000000000000        0x0 /home/lezh1k/avr8-gnu-toolchain-linux_x86_64/bin/../lib/gcc/avr/4.9.2/avr25/tiny-stack/libgcc.a(_udivmodhi4.o)
 .bss           0x0000000000000000        0x0 /home/lezh1k/avr8-gnu-toolchain-linux_x86_64/bin/../lib/gcc/avr/4.9.2/avr25/tiny-stack/libgcc.a(_udivmodhi4.o)
 .text.libgcc.mul
                0x0000000000000000        0x0 /home/lezh1k/avr8-gnu-toolchain-linux_x86_64/bin/../lib/gcc/avr/4.9.2/avr25/tiny-stack/libgcc.a(_udivmodhi4.o)
 .text.libgcc   0x0000000000000000        0x0 /home/lezh1k/avr8-gnu-toolchain-linux_x86_64/bin/../lib/gcc/avr/4.9.2/avr25/tiny-stack/libgcc.a(_udivmodhi4.o)
 .text.libgcc.prologue
                0x0000000000000000        0x0 /home/lezh1k/avr8-gnu-toolchain-linux_x86_64/bin/../lib/gcc/avr/4.9.2/avr25/tiny-stack/libgcc.a(_udivmodhi4.o)
 .text.libgcc.builtins
                0x0000000000000000        0x0 /home/lezh1k/avr8-gnu-toolchain-linux_x86_64/bin/../lib/gcc/avr/4.9.2/avr25/tiny-stack/libgcc.a(_udivmodhi4.o)
 .text.libgcc.fmul
                0x0000000000000000        0x0 /home/lezh1k/avr8-gnu-toolchain-linux_x86_64/bin/../lib/gcc/avr/4.9.2/avr25/tiny-stack/libgcc.a(_udivmodhi4.o)
 .text.libgcc.fixed
                0x0000000000000000        0x0 /home/lezh1k/avr8-gnu-toolchain-linux_x86_64/bin/../lib/gcc/avr/4.9.2/avr25/tiny-stack/libgcc.a(_udivmodhi4.o)

Memory Configuration

Name             Origin             Length             Attributes
text             0x0000000000000000 0x0000000000002000 xr
data             0x0000000000800060 0x000000000000ffa0 rw !x
eeprom           0x0000000000810000 0x0000000000010000 rw !x
fuse             0x0000000000820000 0x0000000000000003 rw !x
lock             0x0000000000830000 0x0000000000000400 rw !x
signature        0x0000000000840000 0x0000000000000400 rw !x
user_signatures  0x0000000000850000 0x0000000000000400 rw !x
*default*        0x0000000000000000 0xffffffffffffffff

Linker script and memory map

LOAD /home/lezh1k/avr8-gnu-toolchain-linux_x86_64/bin/../lib/gcc/avr/4.9.2/../../../../avr/lib/avr25/tiny-stack/crtattiny25.o
START GROUP
END GROUP
LOAD build/max7219.o
LOAD build/main.o
START GROUP
LOAD /home/lezh1k/avr8-gnu-toolchain-linux_x86_64/bin/../lib/gcc/avr/4.9.2/avr25/tiny-stack/libgcc.a
LOAD /home/lezh1k/avr8-gnu-toolchain-linux_x86_64/bin/../lib/gcc/avr/4.9.2/../../../../avr/lib/avr25/tiny-stack/libm.a
LOAD /home/lezh1k/avr8-gnu-toolchain-linux_x86_64/bin/../lib/gcc/avr/4.9.2/../../../../avr/lib/avr25/tiny-stack/libc.a
LOAD /home/lezh1k/avr8-gnu-toolchain-linux_x86_64/bin/../lib/gcc/avr/4.9.2/../../../../avr/lib/avr25/tiny-stack/libattiny25.a
END GROUP
                0x0000000000002000                __TEXT_REGION_LENGTH__ = DEFINED (__TEXT_REGION_LENGTH__)?__TEXT_REGION_LENGTH__:0x2000
                0x000000000000ffa0                __DATA_REGION_LENGTH__ = DEFINED (__DATA_REGION_LENGTH__)?__DATA_REGION_LENGTH__:0xffa0
                0x0000000000010000                __EEPROM_REGION_LENGTH__ = DEFINED (__EEPROM_REGION_LENGTH__)?__EEPROM_REGION_LENGTH__:0x10000
                [0x0000000000000003]                __FUSE_REGION_LENGTH__ = DEFINED (__FUSE_REGION_LENGTH__)?__FUSE_REGION_LENGTH__:0x400
                0x0000000000000400                __LOCK_REGION_LENGTH__ = DEFINED (__LOCK_REGION_LENGTH__)?__LOCK_REGION_LENGTH__:0x400
                0x0000000000000400                __SIGNATURE_REGION_LENGTH__ = DEFINED (__SIGNATURE_REGION_LENGTH__)?__SIGNATURE_REGION_LENGTH__:0x400
                0x0000000000000400                __USER_SIGNATURE_REGION_LENGTH__ = DEFINED (__USER_SIGNATURE_REGION_LENGTH__)?__USER_SIGNATURE_REGION_LENGTH__:0x400

.hash
 *(.hash)

.dynsym
 *(.dynsym)

.dynstr
 *(.dynstr)

.gnu.version
 *(.gnu.version)

.gnu.version_d
 *(.gnu.version_d)

.gnu.version_r
 *(.gnu.version_r)

.rel.init
 *(.rel.init)

.rela.init
 *(.rela.init)

.rel.text
 *(.rel.text)
 *(.rel.text.*)
 *(.rel.gnu.linkonce.t*)

.rela.text
 *(.rela.text)
 *(.rela.text.*)
 *(.rela.gnu.linkonce.t*)

.rel.fini
 *(.rel.fini)

.rela.fini
 *(.rela.fini)

.rel.rodata
 *(.rel.rodata)
 *(.rel.rodata.*)
 *(.rel.gnu.linkonce.r*)

.rela.rodata
 *(.rela.rodata)
 *(.rela.rodata.*)
 *(.rela.gnu.linkonce.r*)

.rel.data
 *(.rel.data)
 *(.rel.data.*)
 *(.rel.gnu.linkonce.d*)

.rela.data
 *(.rela.data)
 *(.rela.data.*)
 *(.rela.gnu.linkonce.d*)

.rel.ctors
 *(.rel.ctors)

.rela.ctors
 *(.rela.ctors)

.rel.dtors
 *(.rel.dtors)

.rela.dtors
 *(.rela.dtors)

.rel.got
 *(.rel.got)

.rela.got
 *(.rela.got)

.rel.bss
 *(.rel.bss)

.rela.bss
 *(.rela.bss)

.rel.plt
 *(.rel.plt)

.rela.plt
 *(.rela.plt)

.text           0x0000000000000000      0x766
 *(.vectors)
 .vectors       0x0000000000000000       0x1e /home/lezh1k/avr8-gnu-toolchain-linux_x86_64/bin/../lib/gcc/avr/4.9.2/../../../../avr/lib/avr25/tiny-stack/crtattiny25.o
                0x0000000000000000                __vectors
                0x0000000000000000                __vector_default
 *(.vectors)
 *(.progmem.gcc*)
                0x000000000000001e                . = ALIGN (0x2)
                0x000000000000001e                __trampolines_start = .
 *(.trampolines)
 .trampolines   0x000000000000001e        0x0 linker stubs
 *(.trampolines*)
                0x000000000000001e                __trampolines_end = .
 *libprintf_flt.a:*(.progmem.data)
 *libc.a:*(.progmem.data)
 *(.progmem*)
 .progmem.data.codes
                0x000000000000001e        0xa build/max7219.o
                0x000000000000001e                codes
 .progmem.data.adc_temperature.1830
                0x0000000000000028      0x400 build/main.o
                0x0000000000000428                . = ALIGN (0x2)
 *(.jumptables)
 *(.jumptables*)
 *(.lowtext)
 *(.lowtext*)
                0x0000000000000428                __ctors_start = .
 *(.ctors)
                0x0000000000000428                __ctors_end = .
                0x0000000000000428                __dtors_start = .
 *(.dtors)
                0x0000000000000428                __dtors_end = .
 SORT(*)(.ctors)
 SORT(*)(.dtors)
 *(.init0)
 .init0         0x0000000000000428        0x0 /home/lezh1k/avr8-gnu-toolchain-linux_x86_64/bin/../lib/gcc/avr/4.9.2/../../../../avr/lib/avr25/tiny-stack/crtattiny25.o
                0x0000000000000428                __init
 *(.init0)
 *(.init1)
 *(.init1)
 *(.init2)
 .init2         0x0000000000000428        0x8 /home/lezh1k/avr8-gnu-toolchain-linux_x86_64/bin/../lib/gcc/avr/4.9.2/../../../../avr/lib/avr25/tiny-stack/crtattiny25.o
 *(.init2)
 *(.init3)
 *(.init3)
 *(.init4)
 .init4         0x0000000000000430       0x16 /home/lezh1k/avr8-gnu-toolchain-linux_x86_64/bin/../lib/gcc/avr/4.9.2/avr25/tiny-stack/libgcc.a(_copy_data.o)
                0x0000000000000430                __do_copy_data
 .init4         0x0000000000000446       0x10 /home/lezh1k/avr8-gnu-toolchain-linux_x86_64/bin/../lib/gcc/avr/4.9.2/avr25/tiny-stack/libgcc.a(_clear_bss.o)
                0x0000000000000446                __do_clear_bss
 *(.init4)
 *(.init5)
 *(.init5)
 *(.init6)
 *(.init6)
 *(.init7)
 *(.init7)
 *(.init8)
 *(.init8)
 *(.init9)
 .init9         0x0000000000000456        0x4 /home/lezh1k/avr8-gnu-toolchain-linux_x86_64/bin/../lib/gcc/avr/4.9.2/../../../../avr/lib/avr25/tiny-stack/crtattiny25.o
 *(.init9)
 *(.text)
 .text          0x000000000000045a        0x2 /home/lezh1k/avr8-gnu-toolchain-linux_x86_64/bin/../lib/gcc/avr/4.9.2/../../../../avr/lib/avr25/tiny-stack/crtattiny25.o
                0x000000000000045a                __vector_1
                0x000000000000045a                __vector_12
                0x000000000000045a                __bad_interrupt
                0x000000000000045a                __vector_6
                0x000000000000045a                __vector_3
                0x000000000000045a                __vector_11
                0x000000000000045a                __vector_13
                0x000000000000045a                __vector_7
                0x000000000000045a                __vector_4
                0x000000000000045a                __vector_9
                0x000000000000045a                __vector_14
                0x000000000000045a                __vector_10
                0x000000000000045c                . = ALIGN (0x2)
 *(.text.*)
 .text.spi_send
                0x000000000000045c       0x18 build/max7219.o
                0x000000000000045c                spi_send
 .text.spi_max7219_send
                0x0000000000000474       0x14 build/max7219.o
                0x0000000000000474                spi_max7219_send
 .text.max7219_init
                0x0000000000000488       0x3e build/max7219.o
                0x0000000000000488                max7219_init
 .text.max7219_set_symbol
                0x00000000000004c6       0x5a build/max7219.o
                0x00000000000004c6                max7219_set_symbol
 .text.max7219_turn_heater
                0x0000000000000520        0xc build/max7219.o
                0x0000000000000520                max7219_turn_heater
 .text.__vector_5
                0x000000000000052c       0x24 build/main.o
                0x000000000000052c                __vector_5
 .text.__vector_8
                0x0000000000000550       0x24 build/main.o
                0x0000000000000550                __vector_8
 .text.__vector_2
                0x0000000000000574       0x4c build/main.o
                0x0000000000000574                __vector_2
 .text.adcw_to_temperature
                0x00000000000005c0       0x50 build/main.o
                0x00000000000005c0                adcw_to_temperature
 .text.startup.main
                0x0000000000000610       0xec build/main.o
                0x0000000000000610                main
 .text.libgcc.div
                0x00000000000006fc       0x18 /home/lezh1k/avr8-gnu-toolchain-linux_x86_64/bin/../lib/gcc/avr/4.9.2/avr25/tiny-stack/libgcc.a(_udivmodqi4.o)
                0x00000000000006fc                __udivmodqi4
 .text.libgcc.div
                0x0000000000000714       0x26 /home/lezh1k/avr8-gnu-toolchain-linux_x86_64/bin/../lib/gcc/avr/4.9.2/avr25/tiny-stack/libgcc.a(_divmodhi4.o)
                0x0000000000000714                __divmodhi4
                0x0000000000000714                _div
 .text.libgcc.div
                0x000000000000073a       0x28 /home/lezh1k/avr8-gnu-toolchain-linux_x86_64/bin/../lib/gcc/avr/4.9.2/avr25/tiny-stack/libgcc.a(_udivmodhi4.o)
                0x000000000000073a                __udivmodhi4
                0x0000000000000762                . = ALIGN (0x2)
 *(.fini9)
 .fini9         0x0000000000000762        0x0 /home/lezh1k/avr8-gnu-toolchain-linux_x86_64/bin/../lib/gcc/avr/4.9.2/avr25/tiny-stack/libgcc.a(_exit.o)
                0x0000000000000762                exit
                0x0000000000000762                _exit
 *(.fini9)
 *(.fini8)
 *(.fini8)
 *(.fini7)
 *(.fini7)
 *(.fini6)
 *(.fini6)
 *(.fini5)
 *(.fini5)
 *(.fini4)
 *(.fini4)
 *(.fini3)
 *(.fini3)
 *(.fini2)
 *(.fini2)
 *(.fini1)
 *(.fini1)
 *(.fini0)
 .fini0         0x0000000000000762        0x4 /home/lezh1k/avr8-gnu-toolchain-linux_x86_64/bin/../lib/gcc/avr/4.9.2/avr25/tiny-stack/libgcc.a(_exit.o)
 *(.fini0)
                0x0000000000000766                _etext = .

.data           0x0000000000800060        0x2 load address 0x0000000000000766
                0x0000000000800060                PROVIDE (__data_start, .)
 *(.data)
 *(.data*)
 .data.adc_cnt.1824
                0x0000000000800060        0x1 build/main.o
 .data.DST_T    0x0000000000800061        0x1 build/main.o
 *(.rodata)
 *(.rodata*)
 *(.gnu.linkonce.d*)
                0x0000000000800062                . = ALIGN (0x2)
                0x0000000000800062                _edata = .
                0x0000000000800062                PROVIDE (__data_end, .)

.bss            0x0000000000800062        0x4
                0x0000000000800062                PROVIDE (__bss_start, .)
 *(.bss)
 *(.bss*)
 .bss.adc_avg.1825
                0x0000000000800062        0x2 build/main.o
 .bss.CUR_T     0x0000000000800064        0x1 build/main.o
 .bss.SINTERRUPTS
                0x0000000000800065        0x1 build/main.o
 *(COMMON)
                0x0000000000800066                PROVIDE (__bss_end, .)
                0x0000000000000766                __data_load_start = LOADADDR (.data)
                0x0000000000000768                __data_load_end = (__data_load_start + SIZEOF (.data))

.noinit         0x0000000000800066        0x0
                [!provide]                        PROVIDE (__noinit_start, .)
 *(.noinit*)
                [!provide]                        PROVIDE (__noinit_end, .)
                0x0000000000800066                _end = .
                [!provide]                        PROVIDE (__heap_start, .)

.eeprom         0x0000000000810000        0x0
 *(.eeprom*)
                0x0000000000810000                __eeprom_end = .

.fuse
 *(.fuse)
 *(.lfuse)
 *(.hfuse)
 *(.efuse)

.lock
 *(.lock*)

.signature
 *(.signature*)

.user_signatures
 *(.user_signatures*)

.stab
 *(.stab)

.stabstr
 *(.stabstr)

.stab.excl
 *(.stab.excl)

.stab.exclstr
 *(.stab.exclstr)

.stab.index
 *(.stab.index)

.stab.indexstr
 *(.stab.indexstr)

.comment        0x0000000000000000       0x30
 *(.comment)
 .comment       0x0000000000000000       0x30 build/max7219.o
                                         0x31 (size before relaxing)
 .comment       0x0000000000000030       0x31 build/main.o

.note.gnu.avr.deviceinfo
                0x0000000000000000       0x3c
 .note.gnu.avr.deviceinfo
                0x0000000000000000       0x3c /home/lezh1k/avr8-gnu-toolchain-linux_x86_64/bin/../lib/gcc/avr/4.9.2/../../../../avr/lib/avr25/tiny-stack/crtattiny25.o

.note.gnu.build-id
 *(.note.gnu.build-id)

.debug
 *(.debug)

.line
 *(.line)

.debug_srcinfo
 *(.debug_srcinfo)

.debug_sfnames
 *(.debug_sfnames)

.debug_aranges
 *(.debug_aranges)

.debug_pubnames
 *(.debug_pubnames)

.debug_info     0x0000000000000000      0x420
 *(.debug_info .gnu.linkonce.wi.*)
 .debug_info    0x0000000000000000      0x420 /home/lezh1k/avr8-gnu-toolchain-linux_x86_64/bin/../lib/gcc/avr/4.9.2/../../../../avr/lib/avr25/tiny-stack/crtattiny25.o

.debug_abbrev   0x0000000000000000      0x3e8
 *(.debug_abbrev)
 .debug_abbrev  0x0000000000000000      0x3e8 /home/lezh1k/avr8-gnu-toolchain-linux_x86_64/bin/../lib/gcc/avr/4.9.2/../../../../avr/lib/avr25/tiny-stack/crtattiny25.o

.debug_line     0x0000000000000000       0x1a
 *(.debug_line .debug_line.* .debug_line_end)
 .debug_line    0x0000000000000000       0x1a /home/lezh1k/avr8-gnu-toolchain-linux_x86_64/bin/../lib/gcc/avr/4.9.2/../../../../avr/lib/avr25/tiny-stack/crtattiny25.o

.debug_frame
 *(.debug_frame)

.debug_str      0x0000000000000000      0x16a
 *(.debug_str)
 .debug_str     0x0000000000000000      0x16a /home/lezh1k/avr8-gnu-toolchain-linux_x86_64/bin/../lib/gcc/avr/4.9.2/../../../../avr/lib/avr25/tiny-stack/crtattiny25.o

.debug_loc
 *(.debug_loc)

.debug_macinfo
 *(.debug_macinfo)

.debug_weaknames
 *(.debug_weaknames)

.debug_funcnames
 *(.debug_funcnames)

.debug_typenames
 *(.debug_typenames)

.debug_varnames
 *(.debug_varnames)

.debug_pubtypes
 *(.debug_pubtypes)

.debug_ranges
 *(.debug_ranges)

.debug_macro
 *(.debug_macro)
OUTPUT(bin/heater.elf elf32-avr)
LOAD linker stubs
